?   	code.byted.org/oec/oncall_opinion_analyse	[no test files]
?   	code.byted.org/oec/oncall_opinion_analyse/biz/cmd/generate	[no test files]
?   	code.byted.org/oec/oncall_opinion_analyse/biz/config	[no test files]
?   	code.byted.org/oec/oncall_opinion_analyse/biz/config/bussinessmodel	[no test files]
?   	code.byted.org/oec/oncall_opinion_analyse/biz/dal/model	[no test files]
?   	code.byted.org/oec/oncall_opinion_analyse/biz/dal/query	[no test files]
?   	code.byted.org/oec/oncall_opinion_analyse/biz/model	[no test files]
?   	code.byted.org/oec/oncall_opinion_analyse/biz/model/api	[no test files]
?   	code.byted.org/oec/oncall_opinion_analyse/biz/model/governance_qa_serv	[no test files]
?   	code.byted.org/oec/oncall_opinion_analyse/biz/util/common	[no test files]
[Metrics(v3)] metrics new writer error: metrics sdk can not get agent socket path: dial unixgram /tmp/metric.sock: connect: no such file or directory, all metrics would be dropped
[Metrics(v4)] sdk is cleaned
[Metrics(v3)] metrics new writer error: metrics sdk can not get agent socket path: dial unixgram /tmp/metric.sock: connect: no such file or directory, all metrics would be dropped
[Stats] 2026-04-29 13:26:14.774 failed to init cgroup collector: open /proc/self/cgroup: no such file or directory
Info 2026-04-29 13:26:14,777 v1(7) tcc.go:65 10.79.158.60 - - default - 0 tcc init --
[1;33mWarn 2026-04-29 13:26:14,771 v1(7) logger.go:185 10.79.158.60 - - default - 0 Initialize local config with 'YamlFileConfigInitializer' to check the config center source failed: open 'conf/kitex.yml' failed: open conf/kitex.yml: no such file or directory[0m
2026/04/29 13:26:14.779199 config_center.go:256: [Warn] KITEX: fetch callers remote config error: KITEX: dump remote config failed, cannot connect remote config center, error [consul: connection refused (try set CONSUL_HTTP_HOST in dev env)]
2026/04/29 13:26:14.779175 config_center.go:356: [Warn] KITEX: fetch callees remote config error: KITEX: dump remote config failed, cannot connect remote config center, error [consul: connection refused (try set CONSUL_HTTP_HOST in dev env)]
2026/04/29 13:26:14.779590 config_center.go:356: [Warn] KITEX: fetch callees remote config error: KITEX: dump remote config failed, cannot connect remote config center, error [consul: connection refused (try set CONSUL_HTTP_HOST in dev env)]
2026/04/29 13:26:14.779608 config_center.go:256: [Warn] KITEX: fetch callers remote config error: KITEX: dump remote config failed, cannot connect remote config center, error [consul: connection refused (try set CONSUL_HTTP_HOST in dev env)]
=== RUN   TestPing
--- PASS: TestPing (0.00s)
PASS
ok  	code.byted.org/oec/oncall_opinion_analyse/biz/handler	(cached)
[Metrics(v3)] metrics new writer error: metrics sdk can not get agent socket path: dial unixgram /tmp/metric.sock: connect: no such file or directory, all metrics would be dropped
Info 2026-04-29 13:26:14,219 v1(7) tcc.go:65 10.79.158.60 - - default - 0 tcc init --
=== RUN   TestBuildSolidMarkdown
=== RUN   TestBuildSolidMarkdown/simple_text
=== RUN   TestBuildSolidMarkdown/empty_string
=== RUN   TestBuildSolidMarkdown/text_with_spaces
--- PASS: TestBuildSolidMarkdown (0.00s)
    --- PASS: TestBuildSolidMarkdown/simple_text (0.00s)
    --- PASS: TestBuildSolidMarkdown/empty_string (0.00s)
    --- PASS: TestBuildSolidMarkdown/text_with_spaces (0.00s)
=== RUN   TestGetAlterType
--- PASS: TestGetAlterType (0.00s)
PASS
Error 2026-04-29 13:26:14,220 v1(7) calculate_alert_task_res.go:175 10.79.158.60 - - default - 0 not found key:[metricType] in list
ok  	code.byted.org/oec/oncall_opinion_analyse/biz/service	(cached)
